============================= test session starts ==============================
platform linux -- Python 3.8.8, pytest-6.2.3, py-1.10.0, pluggy-0.13.1
rootdir: /home/chortic/Documents/MAC
plugins: cocotb-test-0.2.1, xdist-2.4.0, forked-1.3.0, anyio-2.2.0, parallel-0.1.1
collected 4 items

testbench/test_mac.py::test_start[8] 
-------------------------------- live log call ---------------------------------
INFO     cocotb:simulator.py:256 Running command: iverilog -o /home/chortic/Documents/MAC/testbench/sim_build_N=8/mac.vvp -D COCOTB_SIM=1 -s mac -g2012 -P mac.N=8 -g2005 /home/chortic/Documents/MAC/rtl/mac.v
INFO     cocotb:simulator.py:256 Running command: vvp -M /home/chortic/anaconda3/lib/python3.8/site-packages/cocotb/libs -m libcocotbvpi_icarus /home/chortic/Documents/MAC/testbench/sim_build_N=8/mac.vvp -fst
INFO     cocotb:simulator.py:267      -.--ns INFO     cocotb.gpi                         ..mbed/gpi_embed.cpp:76   in set_program_name_in_venv        Did not detect Python virtual environment. Using system-wide Python interpreter
INFO     cocotb:simulator.py:267      -.--ns INFO     cocotb.gpi                         ../gpi/GpiCommon.cpp:99   in gpi_print_registered_impl       VPI registered
INFO     cocotb:simulator.py:267      0.00ns INFO     Running on Icarus Verilog version 10.2 (stable)
INFO     cocotb:simulator.py:267      0.00ns INFO     Running tests with cocotb v1.6.0 from /home/chortic/anaconda3/lib/python3.8/site-packages/cocotb
INFO     cocotb:simulator.py:267      0.00ns INFO     Seeding Python random module with 1635949163
INFO     cocotb:simulator.py:267      0.00ns INFO     Found test test_mac.mac_test
INFO     cocotb:simulator.py:267      0.00ns INFO     running mac_test (1/1)
INFO     cocotb:simulator.py:267    160.00ns INFO     mac_test passed
INFO     cocotb:simulator.py:267    160.00ns INFO     **************************************************************************************
INFO     cocotb:simulator.py:267                      ** TEST                          STATUS  SIM TIME (ns)  REAL TIME (s)  RATIO (ns/s) **
INFO     cocotb:simulator.py:267                      **************************************************************************************
INFO     cocotb:simulator.py:267                      ** test_mac.mac_test              PASS         160.00           0.01      19171.89  **
INFO     cocotb:simulator.py:267                      **************************************************************************************
INFO     cocotb:simulator.py:267                      ** TESTS=1 PASS=1 FAIL=0 SKIP=0                160.00           0.09       1687.85  **
INFO     cocotb:simulator.py:267                      **************************************************************************************
INFO     cocotb:simulator.py:267 
INFO     cocotb:simulator.py:267 FST info: dumpfile mac.fst opened for output.
PASSED                                                                   [ 25%]
testbench/test_mac.py::test_start[16] 
-------------------------------- live log call ---------------------------------
INFO     cocotb:simulator.py:256 Running command: iverilog -o /home/chortic/Documents/MAC/testbench/sim_build_N=16/mac.vvp -D COCOTB_SIM=1 -s mac -g2012 -P mac.N=16 -g2005 /home/chortic/Documents/MAC/rtl/mac.v
INFO     cocotb:simulator.py:256 Running command: vvp -M /home/chortic/anaconda3/lib/python3.8/site-packages/cocotb/libs -m libcocotbvpi_icarus /home/chortic/Documents/MAC/testbench/sim_build_N=16/mac.vvp -fst
INFO     cocotb:simulator.py:267      -.--ns INFO     cocotb.gpi                         ..mbed/gpi_embed.cpp:76   in set_program_name_in_venv        Did not detect Python virtual environment. Using system-wide Python interpreter
INFO     cocotb:simulator.py:267      -.--ns INFO     cocotb.gpi                         ../gpi/GpiCommon.cpp:99   in gpi_print_registered_impl       VPI registered
INFO     cocotb:simulator.py:267      0.00ns INFO     Running on Icarus Verilog version 10.2 (stable)
INFO     cocotb:simulator.py:267      0.00ns INFO     Running tests with cocotb v1.6.0 from /home/chortic/anaconda3/lib/python3.8/site-packages/cocotb
INFO     cocotb:simulator.py:267      0.00ns INFO     Seeding Python random module with 1635949164
INFO     cocotb:simulator.py:267      0.00ns INFO     Found test test_mac.mac_test
INFO     cocotb:simulator.py:267      0.00ns INFO     running mac_test (1/1)
INFO     cocotb:simulator.py:267    160.00ns INFO     mac_test passed
INFO     cocotb:simulator.py:267    160.00ns INFO     **************************************************************************************
INFO     cocotb:simulator.py:267                      ** TEST                          STATUS  SIM TIME (ns)  REAL TIME (s)  RATIO (ns/s) **
INFO     cocotb:simulator.py:267                      **************************************************************************************
INFO     cocotb:simulator.py:267                      ** test_mac.mac_test              PASS         160.00           0.01      19883.64  **
INFO     cocotb:simulator.py:267                      **************************************************************************************
INFO     cocotb:simulator.py:267                      ** TESTS=1 PASS=1 FAIL=0 SKIP=0                160.00           0.09       1688.77  **
INFO     cocotb:simulator.py:267                      **************************************************************************************
INFO     cocotb:simulator.py:267 
INFO     cocotb:simulator.py:267 FST info: dumpfile mac.fst opened for output.
PASSED                                                                   [ 50%]
testbench/test_mac.py::test_start[32] 
-------------------------------- live log call ---------------------------------
INFO     cocotb:simulator.py:256 Running command: iverilog -o /home/chortic/Documents/MAC/testbench/sim_build_N=32/mac.vvp -D COCOTB_SIM=1 -s mac -g2012 -P mac.N=32 -g2005 /home/chortic/Documents/MAC/rtl/mac.v
INFO     cocotb:simulator.py:256 Running command: vvp -M /home/chortic/anaconda3/lib/python3.8/site-packages/cocotb/libs -m libcocotbvpi_icarus /home/chortic/Documents/MAC/testbench/sim_build_N=32/mac.vvp -fst
INFO     cocotb:simulator.py:267      -.--ns INFO     cocotb.gpi                         ..mbed/gpi_embed.cpp:76   in set_program_name_in_venv        Did not detect Python virtual environment. Using system-wide Python interpreter
INFO     cocotb:simulator.py:267      -.--ns INFO     cocotb.gpi                         ../gpi/GpiCommon.cpp:99   in gpi_print_registered_impl       VPI registered
INFO     cocotb:simulator.py:267      0.00ns INFO     Running on Icarus Verilog version 10.2 (stable)
INFO     cocotb:simulator.py:267      0.00ns INFO     Running tests with cocotb v1.6.0 from /home/chortic/anaconda3/lib/python3.8/site-packages/cocotb
INFO     cocotb:simulator.py:267      0.00ns INFO     Seeding Python random module with 1635949164
INFO     cocotb:simulator.py:267      0.00ns INFO     Found test test_mac.mac_test
INFO     cocotb:simulator.py:267      0.00ns INFO     running mac_test (1/1)
INFO     cocotb:simulator.py:267    160.00ns INFO     mac_test passed
INFO     cocotb:simulator.py:267    160.00ns INFO     **************************************************************************************
INFO     cocotb:simulator.py:267                      ** TEST                          STATUS  SIM TIME (ns)  REAL TIME (s)  RATIO (ns/s) **
INFO     cocotb:simulator.py:267                      **************************************************************************************
INFO     cocotb:simulator.py:267                      ** test_mac.mac_test              PASS         160.00           0.01      17460.92  **
INFO     cocotb:simulator.py:267                      **************************************************************************************
INFO     cocotb:simulator.py:267                      ** TESTS=1 PASS=1 FAIL=0 SKIP=0                160.00           0.10       1540.41  **
INFO     cocotb:simulator.py:267                      **************************************************************************************
INFO     cocotb:simulator.py:267 
INFO     cocotb:simulator.py:267 FST info: dumpfile mac.fst opened for output.
PASSED                                                                   [ 75%]
testbench/test_mac.py::test_start[64] 
-------------------------------- live log call ---------------------------------
INFO     cocotb:simulator.py:256 Running command: iverilog -o /home/chortic/Documents/MAC/testbench/sim_build_N=64/mac.vvp -D COCOTB_SIM=1 -s mac -g2012 -P mac.N=64 -g2005 /home/chortic/Documents/MAC/rtl/mac.v
INFO     cocotb:simulator.py:256 Running command: vvp -M /home/chortic/anaconda3/lib/python3.8/site-packages/cocotb/libs -m libcocotbvpi_icarus /home/chortic/Documents/MAC/testbench/sim_build_N=64/mac.vvp -fst
INFO     cocotb:simulator.py:267      -.--ns INFO     cocotb.gpi                         ..mbed/gpi_embed.cpp:76   in set_program_name_in_venv        Did not detect Python virtual environment. Using system-wide Python interpreter
INFO     cocotb:simulator.py:267      -.--ns INFO     cocotb.gpi                         ../gpi/GpiCommon.cpp:99   in gpi_print_registered_impl       VPI registered
INFO     cocotb:simulator.py:267      0.00ns INFO     Running on Icarus Verilog version 10.2 (stable)
INFO     cocotb:simulator.py:267      0.00ns INFO     Running tests with cocotb v1.6.0 from /home/chortic/anaconda3/lib/python3.8/site-packages/cocotb
INFO     cocotb:simulator.py:267      0.00ns INFO     Seeding Python random module with 1635949165
INFO     cocotb:simulator.py:267      0.00ns INFO     Found test test_mac.mac_test
INFO     cocotb:simulator.py:267      0.00ns INFO     running mac_test (1/1)
INFO     cocotb:simulator.py:267    160.00ns INFO     mac_test passed
INFO     cocotb:simulator.py:267    160.00ns INFO     **************************************************************************************
INFO     cocotb:simulator.py:267                      ** TEST                          STATUS  SIM TIME (ns)  REAL TIME (s)  RATIO (ns/s) **
INFO     cocotb:simulator.py:267                      **************************************************************************************
INFO     cocotb:simulator.py:267                      ** test_mac.mac_test              PASS         160.00           0.01      16940.80  **
INFO     cocotb:simulator.py:267                      **************************************************************************************
INFO     cocotb:simulator.py:267                      ** TESTS=1 PASS=1 FAIL=0 SKIP=0                160.00           0.10       1555.61  **
INFO     cocotb:simulator.py:267                      **************************************************************************************
INFO     cocotb:simulator.py:267 
INFO     cocotb:simulator.py:267 FST info: dumpfile mac.fst opened for output.
PASSED                                                                   [100%]

============================== 4 passed in 1.71s ===============================
